<?xml version="1.0" encoding="UTF-8" standalone="no"?>
<!-- PYCSW_VERSION -->
<sru:searchRetrieveResponse xmlns:sru="http://www.loc.gov/zing/srw/">
  <sru:version>1.1</sru:version>
  <sru:numberOfRecords>5</sru:numberOfRecords>
</sru:searchRetrieveResponse>
