<?xml version="1.0" encoding="UTF-8" standalone="no"?>
<!-- PYCSW_VERSION -->
<csw:GetRecordsResponse xmlns:csw="http://www.opengis.net/cat/csw/2.0.2" xmlns:dc="http://purl.org/dc/elements/1.1/" xmlns:dct="http://purl.org/dc/terms/" xmlns:gmd="http://www.isotc211.org/2005/gmd" xmlns:gml="http://www.opengis.net/gml" xmlns:gml32="http://www.opengis.net/gml/3.2" xmlns:mdb="http://standards.iso.org/iso/19115/-3/mdb/2.0" xmlns:ows="http://www.opengis.net/ows" xmlns:xs="http://www.w3.org/2001/XMLSchema" xmlns:xsi="http://www.w3.org/2001/XMLSchema-instance" xmlns:cit="http://standards.iso.org/iso/19115/-3/cit/2.0" xmlns:gex="http://standards.iso.org/iso/19115/-3/gex/1.0" xmlns:mcc="http://standards.iso.org/iso/19115/-3/mcc/1.0" xmlns:mrd="http://standards.iso.org/iso/19115/-3/mrd/1.0" xmlns:mri="http://standards.iso.org/iso/19115/-3/mri/1.0" xmlns:gco="http://standards.iso.org/iso/19115/-3/gco/1.0" version="2.0.2" xsi:schemaLocation="http://www.opengis.net/cat/csw/2.0.2 http://schemas.opengis.net/csw/2.0.2/CSW-discovery.xsd">
  <csw:SearchStatus timestamp="PYCSW_TIMESTAMP"/>
  <csw:SearchResults numberOfRecordsMatched="2" numberOfRecordsReturned="2" nextRecord="0" recordSchema="http://standards.iso.org/iso/19115/-3/mdb/2.0" elementSet="brief">
    <mdb:MD_Metadata xsi:schemaLocation="http://standards.iso.org/iso/19115/-3/mdb/2.0 http://schemas.opengis.net/csw/2.0.2/csw.xsd">
      <mdb:metadataIdentifier>
        <mcc:MD_Identifier>
          <mcc:code>
            <gco:CharacterString>5ebc3cb7-a3b5-4760-a8ff-851d5d5beb32</gco:CharacterString>
          </mcc:code>
        </mcc:MD_Identifier>
      </mdb:metadataIdentifier>
      <mdb:identificationInfo>
        <mri:MD_DataIdentification id="5ebc3cb7-a3b5-4760-a8ff-851d5d5beb32">
          <mri:citation>
            <cit:CI_Citation>
              <cit:title>
                <gco:CharacterString>3D geological model of the Otway and Torquay Basin 2011</gco:CharacterString>
              </cit:title>
            </cit:CI_Citation>
          </mri:citation>
          <mri:extent>
            <gex:EX_Extent>
              <gex:geographicElement>
                <gex:EX_GeographicBoundingBox>
                  <gex:westBoundLongitude>
                    <gco:Decimal>143.0</gco:Decimal>
                  </gex:westBoundLongitude>
                  <gex:eastBoundLongitude>
                    <gco:Decimal>144.0</gco:Decimal>
                  </gex:eastBoundLongitude>
                  <gex:southBoundLatitude>
                    <gco:Decimal>-39.4</gco:Decimal>
                  </gex:southBoundLatitude>
                  <gex:northBoundLatitude>
                    <gco:Decimal>-38.4</gco:Decimal>
                  </gex:northBoundLatitude>
                </gex:EX_GeographicBoundingBox>
              </gex:geographicElement>
              <gex:verticalElement>
                <gex:EX_VerticalExtent>
                  <gex:minimumValue>
                    <gco:Real>-400.0</gco:Real>
                  </gex:minimumValue>
                  <gex:maximumValue>
                    <gco:Real>300.0</gco:Real>
                  </gex:maximumValue>
                </gex:EX_VerticalExtent>
              </gex:verticalElement>
            </gex:EX_Extent>
          </mri:extent>
        </mri:MD_DataIdentification>
      </mdb:identificationInfo>
      <mdb:dateInfo/>
      <mdb:distributionInfo>
        <mrd:MD_Distribution>
          <mrd:transferOptions>
            <mrd:MD_DigitalTransferOptions>
              <mrd:onLine>
                <cit:CI_OnlineResource>
                  <cit:linkage>
                    <gco:CharacterString>http://geology.data.vic.gov.au/searchAssistant/document.php?q=parent_id:37363</gco:CharacterString>
                  </cit:linkage>
                  <cit:protocol>
                    <gco:CharacterString>WWW:LINK-1.0-http--link</gco:CharacterString>
                  </cit:protocol>
                  <cit:name>
                    <gco:CharacterString>View Reports</gco:CharacterString>
                  </cit:name>
                  <cit:description>
                    <gco:CharacterString/>
                  </cit:description>
                </cit:CI_OnlineResource>
              </mrd:onLine>
              <mrd:onLine>
                <cit:CI_OnlineResource>
                  <cit:linkage>
                    <gco:CharacterString>http://geology.data.vic.gov.au/searchAssistant/document.php?q=parent_id:107513</gco:CharacterString>
                  </cit:linkage>
                  <cit:protocol>
                    <gco:CharacterString>WWW:LINK-1.0-http--link</gco:CharacterString>
                  </cit:protocol>
                  <cit:name>
                    <gco:CharacterString>Download Metadata and 3D model data</gco:CharacterString>
                  </cit:name>
                  <cit:description>
                    <gco:CharacterString/>
                  </cit:description>
                </cit:CI_OnlineResource>
              </mrd:onLine>
              <mrd:onLine>
                <cit:CI_OnlineResource>
                  <cit:linkage>
                    <gco:CharacterString>http://geomodels.auscope.org/model/otway</gco:CharacterString>
                  </cit:linkage>
                  <cit:protocol>
                    <gco:CharacterString>WWW:LINK-1.0-http--link</gco:CharacterString>
                  </cit:protocol>
                  <cit:name>
                    <gco:CharacterString>3D Geological Model</gco:CharacterString>
                  </cit:name>
                  <cit:description>
                    <gco:CharacterString/>
                  </cit:description>
                </cit:CI_OnlineResource>
              </mrd:onLine>
            </mrd:MD_DigitalTransferOptions>
          </mrd:transferOptions>
        </mrd:MD_Distribution>
      </mdb:distributionInfo>
    </mdb:MD_Metadata>
    <mdb:MD_Metadata xsi:schemaLocation="http://standards.iso.org/iso/19115/-3/mdb/2.0 http://schemas.opengis.net/csw/2.0.2/csw.xsd">
      <mdb:metadataIdentifier>
        <mcc:MD_Identifier>
          <mcc:code>
            <gco:CharacterString>74f81503-8d39-4ec8-a49a-c76e0cd74946</gco:CharacterString>
          </mcc:code>
        </mcc:MD_Identifier>
      </mdb:metadataIdentifier>
      <mdb:metadataScope>
        <mdb:MD_MetadataScope>
          <mdb:resourceScope>
            <mcc:MD_ScopeCode codeSpace="http://standards.iso.org/iso/19115" codeList="http://standards.iso.org/iso/19115/resources/Codelist/cat/codelists.xml#MD_ScopeCode" codeListValue="series">series</mcc:MD_ScopeCode>
          </mdb:resourceScope>
        </mdb:MD_MetadataScope>
      </mdb:metadataScope>
      <mdb:identificationInfo>
        <mri:MD_DataIdentification id="74f81503-8d39-4ec8-a49a-c76e0cd74946">
          <mri:citation>
            <cit:CI_Citation>
              <cit:title>
                <gco:CharacterString>Protection des captages - Série</gco:CharacterString>
              </cit:title>
            </cit:CI_Citation>
          </mri:citation>
          <mri:extent>
            <gex:EX_Extent>
              <gex:geographicElement>
                <gex:EX_GeographicBoundingBox>
                  <gex:westBoundLongitude>
                    <gco:Decimal>2.75</gco:Decimal>
                  </gex:westBoundLongitude>
                  <gex:eastBoundLongitude>
                    <gco:Decimal>6.5</gco:Decimal>
                  </gex:eastBoundLongitude>
                  <gex:southBoundLatitude>
                    <gco:Decimal>49.45</gco:Decimal>
                  </gex:southBoundLatitude>
                  <gex:northBoundLatitude>
                    <gco:Decimal>50.85</gco:Decimal>
                  </gex:northBoundLatitude>
                </gex:EX_GeographicBoundingBox>
              </gex:geographicElement>
            </gex:EX_Extent>
          </mri:extent>
        </mri:MD_DataIdentification>
      </mdb:identificationInfo>
      <mdb:dateInfo>
        <cit:CI_Date>
          <cit:date>
            <gco:Date>2000-01-01</gco:Date>
          </cit:date>
          <cit:dateType>
            <cit:CI_DateTypeCode codeSpace="http://standards.iso.org/iso/19115" codeList="http://standards.iso.org/iso/19115/resources/Codelist/cat/codelists.xml#CI_DateTypeCode" codeListValue="creation">creation</cit:CI_DateTypeCode>
          </cit:dateType>
        </cit:CI_Date>
        <cit:CI_Date>
          <cit:date>
            <gco:Date>2022-11-08</gco:Date>
          </cit:date>
          <cit:dateType>
            <cit:CI_DateTypeCode codeSpace="http://standards.iso.org/iso/19115" codeList="http://standards.iso.org/iso/19115/resources/Codelist/cat/codelists.xml#CI_DateTypeCode" codeListValue="publication">publication</cit:CI_DateTypeCode>
          </cit:dateType>
        </cit:CI_Date>
        <cit:CI_Date>
          <cit:date>
            <gco:Date>2023-07-31</gco:Date>
          </cit:date>
          <cit:dateType>
            <cit:CI_DateTypeCode codeSpace="http://standards.iso.org/iso/19115" codeList="http://standards.iso.org/iso/19115/resources/Codelist/cat/codelists.xml#CI_DateTypeCode" codeListValue="revision">revision</cit:CI_DateTypeCode>
          </cit:dateType>
        </cit:CI_Date>
      </mdb:dateInfo>
      <mdb:distributionInfo>
        <mrd:MD_Distribution>
          <mrd:transferOptions>
            <mrd:MD_DigitalTransferOptions>
              <mrd:onLine>
                <cit:CI_OnlineResource>
                  <cit:linkage>
                    <gco:CharacterString>https://geoportail.wallonie.be/walonmap/#ADU=https://geoservices.wallonie.be/arcgis/rest/services/EAU/PROTECT_CAPT/MapServer</gco:CharacterString>
                  </cit:linkage>
                  <cit:protocol>
                    <gco:CharacterString>WWW:LINK</gco:CharacterString>
                  </cit:protocol>
                  <cit:name>
                    <gco:CharacterString>Application WalOnMap - Toute la Wallonie à la carte</gco:CharacterString>
                  </cit:name>
                  <cit:description>
                    <gco:CharacterString>Application cartographique du Geoportail (WalOnMap) qui permet de découvrir les données géographiques de la Wallonie.</gco:CharacterString>
                  </cit:description>
                </cit:CI_OnlineResource>
              </mrd:onLine>
              <mrd:onLine>
                <cit:CI_OnlineResource>
                  <cit:linkage>
                    <gco:CharacterString>http://geoapps.wallonie.be/Cigale/Public/#CTX=EAUX_SOUT</gco:CharacterString>
                  </cit:linkage>
                  <cit:protocol>
                    <gco:CharacterString>WWW:LINK</gco:CharacterString>
                  </cit:protocol>
                  <cit:name>
                    <gco:CharacterString>Protection des eaux souteraines (CIGALE) - Application</gco:CharacterString>
                  </cit:name>
                  <cit:description>
                    <gco:CharacterString>Application de consultation des principales données cartographiques du SPW Agriculture, Ressources naturelles et Environnements</gco:CharacterString>
                  </cit:description>
                </cit:CI_OnlineResource>
              </mrd:onLine>
              <mrd:onLine>
                <cit:CI_OnlineResource>
                  <cit:linkage>
                    <gco:CharacterString>https://geoservices.wallonie.be/arcgis/rest/services/EAU/PROTECT_CAPT/MapServer</gco:CharacterString>
                  </cit:linkage>
                  <cit:protocol>
                    <gco:CharacterString>ESRI:REST</gco:CharacterString>
                  </cit:protocol>
                  <cit:name>
                    <gco:CharacterString>Service de visualisation ESRI-REST</gco:CharacterString>
                  </cit:name>
                  <cit:description>
                    <gco:CharacterString>Ce service ESRI-REST permet de visualiser le jeu de données "Protection des captages"</gco:CharacterString>
                  </cit:description>
                </cit:CI_OnlineResource>
              </mrd:onLine>
              <mrd:onLine>
                <cit:CI_OnlineResource>
                  <cit:linkage>
                    <gco:CharacterString>https://geoservices.wallonie.be/arcgis/services/EAU/PROTECT_CAPT/MapServer/WMSServer?request=GetCapabilities&amp;service=WMS</gco:CharacterString>
                  </cit:linkage>
                  <cit:protocol>
                    <gco:CharacterString>OGC:WMS</gco:CharacterString>
                  </cit:protocol>
                  <cit:name>
                    <gco:CharacterString>Service de visualisation WMS</gco:CharacterString>
                  </cit:name>
                  <cit:description>
                    <gco:CharacterString>Ce service WMS permet de visualiser le jeu de données "Protection des captages"</gco:CharacterString>
                  </cit:description>
                </cit:CI_OnlineResource>
              </mrd:onLine>
              <mrd:onLine>
                <cit:CI_OnlineResource>
                  <cit:linkage>
                    <gco:CharacterString>http://environnement.wallonie.be/de/eso/atlas/index.htm#4.1a</gco:CharacterString>
                  </cit:linkage>
                  <cit:protocol>
                    <gco:CharacterString>WWW:LINK</gco:CharacterString>
                  </cit:protocol>
                  <cit:name>
                    <gco:CharacterString>Site web Etat des nappes d'eau souterraine-chapitre IV.1a. Zones de prévention programmées ou en cours d'étude et IV.1b. Zones de protection définies par arrêté ministériel</gco:CharacterString>
                  </cit:name>
                  <cit:description>
                    <gco:CharacterString>Pages web Etat des nappes d'eau souterraine-chapitre IV.1a. Zones de prévention programmées ou en cours d'étude
et IV.1b  Zones de protection définies par arrêté ministériel</gco:CharacterString>
                  </cit:description>
                </cit:CI_OnlineResource>
              </mrd:onLine>
              <mrd:onLine>
                <cit:CI_OnlineResource>
                  <cit:linkage>
                    <gco:CharacterString>https://metawal.wallonie.be/geonetwork/srv/api/records/74f81503-8d39-4ec8-a49a-c76e0cd74946/attachments/PROTECT_CAPT.png</gco:CharacterString>
                  </cit:linkage>
                  <cit:protocol>
                    <gco:CharacterString>WWW:LINK-1.0-http--image-thumbnail</gco:CharacterString>
                  </cit:protocol>
                  <cit:name>
                    <gco:CharacterString>preview</gco:CharacterString>
                  </cit:name>
                  <cit:description>
                    <gco:CharacterString>Web image thumbnail (URL)</gco:CharacterString>
                  </cit:description>
                </cit:CI_OnlineResource>
              </mrd:onLine>
              <mrd:onLine>
                <cit:CI_OnlineResource>
                  <cit:linkage>
                    <gco:CharacterString>https://metawal.wallonie.be/geonetwork/srv/api/records/74f81503-8d39-4ec8-a49a-c76e0cd74946/attachments/PROTECT_CAPT_s.png</gco:CharacterString>
                  </cit:linkage>
                  <cit:protocol>
                    <gco:CharacterString>WWW:LINK-1.0-http--image-thumbnail</gco:CharacterString>
                  </cit:protocol>
                  <cit:name>
                    <gco:CharacterString>preview</gco:CharacterString>
                  </cit:name>
                  <cit:description>
                    <gco:CharacterString>Web image thumbnail (URL)</gco:CharacterString>
                  </cit:description>
                </cit:CI_OnlineResource>
              </mrd:onLine>
            </mrd:MD_DigitalTransferOptions>
          </mrd:transferOptions>
        </mrd:MD_Distribution>
      </mdb:distributionInfo>
    </mdb:MD_Metadata>
  </csw:SearchResults>
</csw:GetRecordsResponse>
