<?xml version="1.0" encoding="UTF-8" standalone="no"?>
<!-- PYCSW_VERSION -->
<csw:GetRecordsResponse xmlns:dc="http://purl.org/dc/elements/1.1/" xmlns:xs="http://www.w3.org/2001/XMLSchema" xmlns:dct="http://purl.org/dc/terms/" xmlns:ows="http://www.opengis.net/ows" xmlns:gml="http://www.opengis.net/gml" xmlns:dif="http://gcmd.gsfc.nasa.gov/Aboutus/xml/dif/" xmlns:xlink="http://www.w3.org/1999/xlink" xmlns:gmd="http://www.isotc211.org/2005/gmd" xmlns:ogc="http://www.opengis.net/ogc" xmlns:fgdc="http://www.opengis.net/cat/csw/csdgm" xmlns:csw="http://www.opengis.net/cat/csw/2.0.2" xmlns:xsi="http://www.w3.org/2001/XMLSchema-instance" xmlns:os="http://a9.com/-/spec/opensearch/1.1/" xmlns:soapenv="http://www.w3.org/2003/05/soap-envelope" xmlns:sitemap="http://www.sitemaps.org/schemas/sitemap/0.9" version="2.0.2" xsi:schemaLocation="http://www.opengis.net/cat/csw/2.0.2 http://schemas.opengis.net/csw/2.0.2/CSW-discovery.xsd">
  <csw:SearchStatus timestamp="PYCSW_TIMESTAMP"/>
  <csw:SearchResults numberOfRecordsReturned="5" nextRecord="6" numberOfRecordsMatched="10" recordSchema="http://www.opengis.net/cat/csw/2.0.2" elementSet="brief">
    <csw:BriefRecord>
      <dc:identifier>urn:uuid:6a3de50b-fa66-4b58-a0e6-ca146fdd18d4</dc:identifier>
      <dc:title>Ut facilisis justo ut lacus</dc:title>
      <dc:type>http://purl.org/dc/dcmitype/Service</dc:type>
    </csw:BriefRecord>
    <csw:BriefRecord>
      <dc:identifier>urn:uuid:19887a8a-f6b0-4a63-ae56-7fba0e17801f</dc:identifier>
      <dc:title>Lorem ipsum</dc:title>
      <dc:type>http://purl.org/dc/dcmitype/Image</dc:type>
    </csw:BriefRecord>
    <csw:BriefRecord>
      <dc:identifier>urn:uuid:e9330592-0932-474b-be34-c3a3bb67c7db</dc:identifier>
      <dc:title>Fusc&#233; vitae ligul&#228;</dc:title>
      <dc:type>http://purl.org/dc/dcmitype/Text</dc:type>
    </csw:BriefRecord>
    <csw:BriefRecord>
      <dc:identifier>urn:uuid:88247b56-4cbc-4df9-9860-db3f8042e357</dc:identifier>
      <dc:title></dc:title>
      <dc:type>http://purl.org/dc/dcmitype/Dataset</dc:type>
    </csw:BriefRecord>
    <csw:BriefRecord>
      <dc:identifier>urn:uuid:829babb0-b2f1-49e1-8cd5-7b489fe71a1e</dc:identifier>
      <dc:title>Vestibulum massa purus</dc:title>
      <dc:type>http://purl.org/dc/dcmitype/Image</dc:type>
    </csw:BriefRecord>
  </csw:SearchResults>
</csw:GetRecordsResponse>
