<?xml version="1.0" encoding="UTF-8" standalone="no"?>
<!-- PYCSW_VERSION -->
<atom:feed xmlns:os="http://a9.com/-/spec/opensearch/1.1/" xmlns:time="http://a9.com/-/opensearch/extensions/time/1.0/" xmlns:geo="http://a9.com/-/opensearch/extensions/geo/1.0/" xmlns:atom="http://www.w3.org/2005/Atom">
  <atom:id>http://localhost/pycsw/csw.py?config=tests/suites/atom/default.cfg</atom:id>
  <atom:title>pycsw Geospatial Catalogue</atom:title>
  <os:totalResults>0</os:totalResults>
  <os:startIndex>1</os:startIndex>
  <os:itemsPerPage>0</os:itemsPerPage>
</atom:feed>
