<?xml version="1.0" encoding="UTF-8" standalone="no"?>
<!-- PYCSW_VERSION -->
<csw:HarvestResponse xmlns:dc="http://purl.org/dc/elements/1.1/" xmlns:inspire_common="http://inspire.ec.europa.eu/schemas/common/1.0" xmlns:atom="http://www.w3.org/2005/Atom" xmlns:xs="http://www.w3.org/2001/XMLSchema" xmlns:dct="http://purl.org/dc/terms/" xmlns:ows="http://www.opengis.net/ows" xmlns:apiso="http://www.opengis.net/cat/csw/apiso/1.0" xmlns:gml="http://www.opengis.net/gml" xmlns:dif="http://gcmd.gsfc.nasa.gov/Aboutus/xml/dif/" xmlns:xlink="http://www.w3.org/1999/xlink" xmlns:gco="http://www.isotc211.org/2005/gco" xmlns:gmd="http://www.isotc211.org/2005/gmd" xmlns:rdf="http://www.w3.org/1999/02/22-rdf-syntax-ns#" xmlns:srv="http://www.isotc211.org/2005/srv" xmlns:ogc="http://www.opengis.net/ogc" xmlns:fgdc="http://www.opengis.net/cat/csw/csdgm" xmlns:inspire_ds="http://inspire.ec.europa.eu/schemas/inspire_ds/1.0" xmlns:csw="http://www.opengis.net/cat/csw/2.0.2" xmlns:xsi="http://www.w3.org/2001/XMLSchema-instance" xmlns:os="http://a9.com/-/spec/opensearch/1.1/" xmlns:soapenv="http://www.w3.org/2003/05/soap-envelope" xmlns:sitemap="http://www.sitemaps.org/schemas/sitemap/0.9" xsi:schemaLocation="http://www.opengis.net/cat/csw/2.0.2 http://schemas.opengis.net/csw/2.0.2/CSW-publication.xsd">
  <csw:TransactionResponse version="2.0.2">
    <csw:TransactionSummary>
      <csw:totalInserted>4</csw:totalInserted>
      <csw:totalUpdated>0</csw:totalUpdated>
      <csw:totalDeleted>0</csw:totalDeleted>
    </csw:TransactionSummary>
    <csw:InsertResult>
      <csw:BriefRecord>
        <dc:identifier>PYCSW_IDENTIFIER</dc:identifier>
        <dc:title>IEM WMS Service</dc:title>
      </csw:BriefRecord>
      <csw:BriefRecord>
        <dc:identifier>PYCSW_IDENTIFIER-time_idx</dc:identifier>
        <dc:title>NEXRAD BASE REFLECT</dc:title>
      </csw:BriefRecord>
      <csw:BriefRecord>
        <dc:identifier>PYCSW_IDENTIFIER-nexrad-n0r-wmst</dc:identifier>
        <dc:title>NEXRAD BASE REFLECT</dc:title>
      </csw:BriefRecord>
      <csw:BriefRecord>
        <dc:identifier>PYCSW_IDENTIFIER-nexrad_base_reflect</dc:identifier>
        <dc:title>IEM WMS Service</dc:title>
      </csw:BriefRecord>
    </csw:InsertResult>
  </csw:TransactionResponse>
</csw:HarvestResponse>
