<?xml version="1.0" encoding="UTF-8" standalone="no"?>
<!-- PYCSW_VERSION -->
<ows:ExceptionReport xmlns:ows="http://www.opengis.net/ows" xmlns:xsi="http://www.w3.org/2001/XMLSchema-instance" language="en-US" version="1.2.0" xsi:schemaLocation="http://www.opengis.net/ows http://schemas.opengis.net/ows/1.0.0/owsExceptionReport.xsd">
  <ows:Exception exceptionCode="InvalidParameterValue" locator="schemalanguage">
    <ows:ExceptionText>Invalid value for schemalanguage: http://purl.oclc.org/dsdl/schematron</ows:ExceptionText>
  </ows:Exception>
</ows:ExceptionReport>
