<?xml version="1.0" encoding="UTF-8" standalone="no"?>
<!-- PYCSW_VERSION -->
<csw:HarvestResponse xmlns:csw="http://www.opengis.net/cat/csw/2.0.2" xmlns:dc="http://purl.org/dc/elements/1.1/" xmlns:dct="http://purl.org/dc/terms/" xmlns:gmd="http://www.isotc211.org/2005/gmd" xmlns:gml="http://www.opengis.net/gml" xmlns:ows="http://www.opengis.net/ows" xmlns:xs="http://www.w3.org/2001/XMLSchema" xmlns:xsi="http://www.w3.org/2001/XMLSchema-instance" xsi:schemaLocation="http://www.opengis.net/cat/csw/2.0.2 http://schemas.opengis.net/csw/2.0.2/CSW-publication.xsd">
  <csw:TransactionResponse version="2.0.2">
    <csw:TransactionSummary>
      <csw:totalInserted>1</csw:totalInserted>
      <csw:totalUpdated>0</csw:totalUpdated>
      <csw:totalDeleted>0</csw:totalDeleted>
    </csw:TransactionSummary>
    <csw:InsertResult>
      <csw:BriefRecord>
        <dc:identifier>PYCSW_IDENTIFIER</dc:identifier>
        <dc:title>Image2000 Product 1 (at1) Multispectral</dc:title>
      </csw:BriefRecord>
    </csw:InsertResult>
  </csw:TransactionResponse>
</csw:HarvestResponse>
