<?xml version="1.0" encoding="UTF-8" standalone="no"?>
<!-- PYCSW_VERSION -->
<atom:feed xmlns:atom="http://www.w3.org/2005/Atom" xmlns:os="http://a9.com/-/spec/opensearch/1.1/">
  <atom:id>http://localhost/pycsw/csw.py?config=tests/suites/atom/default.cfg</atom:id>
  <atom:title>pycsw Geospatial Catalogue</atom:title>
  <os:totalResults>1</os:totalResults>
  <os:startIndex>1</os:startIndex>
  <os:itemsPerPage>1</os:itemsPerPage>
  <atom:entry xmlns:xsi="http://www.w3.org/2001/XMLSchema-instance" xmlns:dc="http://purl.org/dc/elements/1.1/" xsi:schemaLocation="http://www.w3.org/2005/Atom http://www.kbcafe.com/rss/atom.xsd.xml">
    <atom:category term="Tourism--Greece"/>
    <atom:id>urn:uuid:19887a8a-f6b0-4a63-ae56-7fba0e17801f</atom:id>
    <dc:identifier>urn:uuid:19887a8a-f6b0-4a63-ae56-7fba0e17801f</dc:identifier>
    <atom:link href="http://localhost/pycsw/csw.py?config=tests/suites/atom/default.cfg?service=CSW&amp;version=2.0.2&amp;request=GetRepositoryItem&amp;id=urn:uuid:19887a8a-f6b0-4a63-ae56-7fba0e17801f"/>
    <atom:title>Lorem ipsum</atom:title>
    <atom:updated>PYCSW_TIMESTAMP</atom:updated>
    <atom:summary>Quisque lacus diam, placerat mollis, pharetra in, commodo sed, augue. Duis iaculis arcu vel arcu.</atom:summary>
  </atom:entry>
</atom:feed>
