<?xml version="1.0" encoding="UTF-8" standalone="no"?>
<!-- PYCSW_VERSION -->
<csw:GetRecordsResponse xmlns:csw="http://www.opengis.net/cat/csw/2.0.2" xmlns:dc="http://purl.org/dc/elements/1.1/" xmlns:dct="http://purl.org/dc/terms/" xmlns:gmd="http://www.isotc211.org/2005/gmd" xmlns:gml="http://www.opengis.net/gml" xmlns:ows="http://www.opengis.net/ows" xmlns:xs="http://www.w3.org/2001/XMLSchema" xmlns:xsi="http://www.w3.org/2001/XMLSchema-instance" version="2.0.2" xsi:schemaLocation="http://www.opengis.net/cat/csw/2.0.2 http://schemas.opengis.net/csw/2.0.2/CSW-discovery.xsd">
  <csw:SearchStatus timestamp="PYCSW_TIMESTAMP"/>
  <csw:SearchResults nextRecord="0" numberOfRecordsMatched="1" numberOfRecordsReturned="1" recordSchema="http://www.opengis.net/cat/csw/2.0.2" elementSet="summary">
    <csw:SummaryRecord>
      <dc:identifier>urn:uuid:829babb0-b2f1-49e1-8cd5-7b489fe71a1e</dc:identifier>
      <dc:title>Vestibulum massa purus</dc:title>
      <dc:type>http://purl.org/dc/dcmitype/Image</dc:type>
      <dc:format>image/jp2</dc:format>
      <dc:relation>urn:uuid:9a669547-b69b-469f-a11f-2d875366bbdc</dc:relation>
    </csw:SummaryRecord>
  </csw:SearchResults>
</csw:GetRecordsResponse>
