<?xml version="1.0" encoding="UTF-8" standalone="no"?>
<!-- PYCSW_VERSION -->
<ows:ExceptionReport xmlns:soapenv="http://www.w3.org/2003/05/soap-envelope" xmlns:gml="http://www.opengis.net/gml" xmlns:dif="http://gcmd.gsfc.nasa.gov/Aboutus/xml/dif/" xmlns:xs="http://www.w3.org/2001/XMLSchema" xmlns:dc="http://purl.org/dc/elements/1.1/" xmlns:gmd="http://www.isotc211.org/2005/gmd" xmlns:rdf="http://www.w3.org/1999/02/22-rdf-syntax-ns#" xmlns:xlink="http://www.w3.org/1999/xlink" xmlns:ows="http://www.opengis.net/ows" xmlns:fgdc="http://www.opengis.net/cat/csw/csdgm" xmlns:atom="http://www.w3.org/2005/Atom" xmlns:sitemap="http://www.sitemaps.org/schemas/sitemap/0.9" xmlns:csw="http://www.opengis.net/cat/csw/2.0.2" xmlns:xsi="http://www.w3.org/2001/XMLSchema-instance" xmlns:os="http://a9.com/-/spec/opensearch/1.1/" xmlns:dct="http://purl.org/dc/terms/" xmlns:ogc="http://www.opengis.net/ogc" language="en-US" version="1.2.0" xsi:schemaLocation="http://www.opengis.net/ows http://schemas.opengis.net/ows/1.0.0/owsExceptionReport.xsd">
  <ows:Exception exceptionCode="NoApplicableCode" locator="service">
    <ows:ExceptionText>Exception: the document is not valid.
Error: Element '{http://www.opengis.net/cat/csw/2.0.2}TypeName': '' is not a valid value of the atomic type 'xs:QName'.</ows:ExceptionText>
  </ows:Exception>
</ows:ExceptionReport>
