<?xml version="1.0" encoding="UTF-8" standalone="no"?>
<!-- PYCSW_VERSION -->
<csw:GetRecordsResponse xmlns:csw="http://www.opengis.net/cat/csw/2.0.2" xmlns:dc="http://purl.org/dc/elements/1.1/" xmlns:dct="http://purl.org/dc/terms/" xmlns:gmd="http://www.isotc211.org/2005/gmd" xmlns:gml="http://www.opengis.net/gml" xmlns:ows="http://www.opengis.net/ows" xmlns:xs="http://www.w3.org/2001/XMLSchema" xmlns:xsi="http://www.w3.org/2001/XMLSchema-instance" version="2.0.2" xsi:schemaLocation="http://www.opengis.net/cat/csw/2.0.2 http://schemas.opengis.net/csw/2.0.2/CSW-discovery.xsd">
  <csw:SearchStatus timestamp="PYCSW_TIMESTAMP"/>
  <csw:SearchResults nextRecord="8" numberOfRecordsMatched="12" numberOfRecordsReturned="5" recordSchema="http://www.opengis.net/cat/csw/2.0.2" elementSet="summary">
    <csw:SummaryRecord>
      <dc:identifier>urn:uuid:66ae76b7-54ba-489b-a582-0f0633d96493</dc:identifier>
      <dc:title>Maecenas enim</dc:title>
      <dc:type>http://purl.org/dc/dcmitype/Text</dc:type>
      <dc:subject>Marine sediments</dc:subject>
      <dc:format>application/xhtml+xml</dc:format>
      <dct:abstract>Pellentesque tempus magna non sapien fringilla blandit.</dct:abstract>
    </csw:SummaryRecord>
    <csw:SummaryRecord>
      <dc:identifier>urn:uuid:6a3de50b-fa66-4b58-a0e6-ca146fdd18d4</dc:identifier>
      <dc:title>Ut facilisis justo ut lacus</dc:title>
      <dc:type>http://purl.org/dc/dcmitype/Service</dc:type>
      <dc:subject>Vegetation</dc:subject>
      <dc:relation>urn:uuid:94bc9c83-97f6-4b40-9eb8-a8e8787a5c63</dc:relation>
    </csw:SummaryRecord>
    <csw:SummaryRecord>
      <dc:identifier>urn:uuid:784e2afd-a9fd-44a6-9a92-a3848371c8ec</dc:identifier>
      <dc:title>Aliquam fermentum purus quis arcu</dc:title>
      <dc:type>http://purl.org/dc/dcmitype/Text</dc:type>
      <dc:subject>Hydrography--Dictionaries</dc:subject>
      <dc:format>application/pdf</dc:format>
      <dct:abstract>Vestibulum quis ipsum sit amet metus imperdiet vehicula. Nulla scelerisque cursus mi.</dct:abstract>
    </csw:SummaryRecord>
    <csw:SummaryRecord>
      <dc:identifier>urn:uuid:829babb0-b2f1-49e1-8cd5-7b489fe71a1e</dc:identifier>
      <dc:title>Vestibulum massa purus</dc:title>
      <dc:type>http://purl.org/dc/dcmitype/Image</dc:type>
      <dc:format>image/jp2</dc:format>
      <dc:relation>urn:uuid:9a669547-b69b-469f-a11f-2d875366bbdc</dc:relation>
    </csw:SummaryRecord>
    <csw:SummaryRecord>
      <dc:identifier>urn:uuid:88247b56-4cbc-4df9-9860-db3f8042e357</dc:identifier>
      <dc:title></dc:title>
      <dc:type>http://purl.org/dc/dcmitype/Dataset</dc:type>
      <dc:subject>Physiography-Landforms</dc:subject>
      <dct:abstract>Donec scelerisque pede ut nisl luctus accumsan. Quisque ultrices, lorem eget feugiat fringilla, lorem dui porttitor ante, cursus ultrices magna odio eu neque.</dct:abstract>
    </csw:SummaryRecord>
  </csw:SearchResults>
</csw:GetRecordsResponse>
