<?xml version="1.0" encoding="UTF-8" standalone="no"?>
<!-- PYCSW_VERSION -->
<csw:GetRecordsResponse xmlns:csw="http://www.opengis.net/cat/csw/2.0.2" xmlns:dc="http://purl.org/dc/elements/1.1/" xmlns:dct="http://purl.org/dc/terms/" xmlns:gmd="http://www.isotc211.org/2005/gmd" xmlns:gml="http://www.opengis.net/gml" xmlns:ows="http://www.opengis.net/ows" xmlns:xs="http://www.w3.org/2001/XMLSchema" xmlns:xsi="http://www.w3.org/2001/XMLSchema-instance" version="2.0.2" xsi:schemaLocation="http://www.opengis.net/cat/csw/2.0.2 http://schemas.opengis.net/csw/2.0.2/CSW-discovery.xsd">
  <csw:SearchStatus timestamp="PYCSW_TIMESTAMP"/>
  <csw:SearchResults nextRecord="0" numberOfRecordsMatched="1" numberOfRecordsReturned="1" recordSchema="http://www.opengis.net/cat/csw/2.0.2" elementSet="full">
    <csw:Record>
    <dc:identifier>urn:uuid:784e2afd-a9fd-44a6-9a92-a3848371c8ec</dc:identifier>
    <dc:title>Aliquam fermentum purus quis arcu</dc:title>
    <dc:type>http://purl.org/dc/dcmitype/Text</dc:type>
    <dc:subject>Hydrography--Dictionaries</dc:subject>
    <dc:format>application/pdf</dc:format>
    <dc:date>2006-05-12</dc:date>
    <dct:abstract>Vestibulum quis ipsum sit amet metus imperdiet vehicula. Nulla scelerisque cursus mi.</dct:abstract>
</csw:Record>
  </csw:SearchResults>
</csw:GetRecordsResponse>
