<?xml version="1.0" encoding="UTF-8" standalone="no"?>
<!-- PYCSW_VERSION -->
<csw30:GetRecordsResponse xmlns:csw="http://www.opengis.net/cat/csw/2.0.2" xmlns:csw30="http://www.opengis.net/cat/csw/3.0" xmlns:dc="http://purl.org/dc/elements/1.1/" xmlns:dct="http://purl.org/dc/terms/" xmlns:gmd="http://www.isotc211.org/2005/gmd" xmlns:gml="http://www.opengis.net/gml" xmlns:ows="http://www.opengis.net/ows" xmlns:xs="http://www.w3.org/2001/XMLSchema" xmlns:xsi="http://www.w3.org/2001/XMLSchema-instance" version="3.0.0" xsi:schemaLocation="http://www.opengis.net/cat/csw/3.0 http://schemas.opengis.net/csw/3.0/cswGetRecordsResponse.xsd">
  <csw30:SearchStatus timestamp="PYCSW_TIMESTAMP"/>
  <csw30:SearchResults expires="PYCSW_EXPIRES" nextRecord="0" numberOfRecordsMatched="1" numberOfRecordsReturned="1" recordSchema="http://www.opengis.net/cat/csw/3.0" status="subset" elementSet="summary" elapsedTime="PYCSW_ELAPSED_TIME">
    <csw30:SummaryRecord>
      <dc:identifier>urn:uuid:e9330592-0932-474b-be34-c3a3bb67c7db</dc:identifier>
      <dc:title>Fuscé vitae ligulä</dc:title>
      <dc:type>http://purl.org/dc/dcmitype/Text</dc:type>
      <dc:subject>Land titles</dc:subject>
      <dc:format>text/rtf</dc:format>
      <dct:abstract>Morbi ultriçes, dui suscipit vestibulum prètium, velit ante pretium tortor, egët tincidunt pede odio ac nulla.</dct:abstract>
    </csw30:SummaryRecord>
  </csw30:SearchResults>
</csw30:GetRecordsResponse>
