<?xml version="1.0" encoding="UTF-8" standalone="no"?>
<!-- PYCSW_VERSION -->
<csw:GetRecordsResponse xmlns:dc="http://purl.org/dc/elements/1.1/" xmlns:xs="http://www.w3.org/2001/XMLSchema" xmlns:dct="http://purl.org/dc/terms/" xmlns:ows="http://www.opengis.net/ows" xmlns:gml="http://www.opengis.net/gml" xmlns:dif="http://gcmd.gsfc.nasa.gov/Aboutus/xml/dif/" xmlns:xlink="http://www.w3.org/1999/xlink" xmlns:gmd="http://www.isotc211.org/2005/gmd" xmlns:ogc="http://www.opengis.net/ogc" xmlns:fgdc="http://www.opengis.net/cat/csw/csdgm" xmlns:csw="http://www.opengis.net/cat/csw/2.0.2" xmlns:xsi="http://www.w3.org/2001/XMLSchema-instance" xmlns:os="http://a9.com/-/spec/opensearch/1.1/" xmlns:soapenv="http://www.w3.org/2003/05/soap-envelope" xmlns:sitemap="http://www.sitemaps.org/schemas/sitemap/0.9" version="2.0.2" xsi:schemaLocation="http://www.opengis.net/cat/csw/2.0.2 http://schemas.opengis.net/csw/2.0.2/CSW-discovery.xsd">
  <csw:SearchStatus timestamp="PYCSW_TIMESTAMP"/>
  <csw:SearchResults numberOfRecordsReturned="5" nextRecord="6" numberOfRecordsMatched="12" recordSchema="http://www.opengis.net/cat/csw/2.0.2" elementSet="full">
    <csw:Record>
    <dc:identifier>urn:uuid:9a669547-b69b-469f-a11f-2d875366bbdc</dc:identifier>
    <dc:type>http://purl.org/dc/dcmitype/Dataset</dc:type>
    <dc:title>&#209;un&#231; elementum</dc:title>
    <dc:subject scheme="http://www.digest.org/2.1">Hydrography-Oceanographic</dc:subject>
    <dc:date>2005-10-24Z</dc:date>
    <ows:BoundingBox crs="urn:x-ogc:def:crs:EPSG:6.11:4326">
      <ows:LowerCorner>44.792 -6.171</ows:LowerCorner>
      <ows:UpperCorner>51.126 -2.228</ows:UpperCorner>
    </ows:BoundingBox>
</csw:Record>
    <csw:Record>
    <dc:identifier>urn:uuid:6a3de50b-fa66-4b58-a0e6-ca146fdd18d4</dc:identifier>
    <dc:type>http://purl.org/dc/dcmitype/Service</dc:type>
    <dc:title>Ut facilisis justo ut lacus</dc:title>
    <dc:subject scheme="http://www.digest.org/2.1">Vegetation</dc:subject>
    <dc:relation>urn:uuid:94bc9c83-97f6-4b40-9eb8-a8e8787a5c63</dc:relation>
</csw:Record>
    <csw:Record>
    <dc:identifier>urn:uuid:19887a8a-f6b0-4a63-ae56-7fba0e17801f</dc:identifier>
    <dc:type>http://purl.org/dc/dcmitype/Image</dc:type>
    <dc:format>image/svg+xml</dc:format>
    <dc:title>Lorem ipsum</dc:title>
    <dct:spatial>GR-22</dct:spatial>
    <dc:subject>Tourism--Greece</dc:subject>
    <dct:abstract>Quisque lacus diam, placerat mollis, pharetra in, commodo sed, augue. Duis iaculis arcu vel arcu.</dct:abstract>
</csw:Record>
    <csw:Record>
    <dc:identifier>urn:uuid:e9330592-0932-474b-be34-c3a3bb67c7db</dc:identifier>
    <dc:type>http://purl.org/dc/dcmitype/Text</dc:type>
    <dc:title>Fusc&#233; vitae ligul&#228;</dc:title>
    <dc:date>2003-05-09Z</dc:date>
    <dc:subject>Land titles</dc:subject>
    <dc:format>text/rtf</dc:format>
    <dct:abstract>Morbi ultri&#231;es, dui suscipit vestibulum pr&#232;tium, velit ante pretium tortor, eg&#235;t tincidunt pede odio ac nulla.</dct:abstract>
</csw:Record>
    <csw:Record>
    <dc:identifier>urn:uuid:88247b56-4cbc-4df9-9860-db3f8042e357</dc:identifier>
    <dc:type>http://purl.org/dc/dcmitype/Dataset</dc:type>
    <dc:subject scheme="http://www.digest.org/2.1">Physiography-Landforms</dc:subject>
    <dct:spatial>FI-ES</dct:spatial>
    <dct:abstract>Donec scelerisque pede ut nisl luctus accumsan. Quisque ultrices, lorem eget feugiat fringilla, lorem dui porttitor ante, cursus ultrices magna odio eu neque.</dct:abstract>
</csw:Record>
  </csw:SearchResults>
</csw:GetRecordsResponse>
