<?xml version="1.0" encoding="UTF-8" standalone="no"?>
<!-- PYCSW_VERSION -->
<csw:GetRecordsResponse xmlns:atom="http://www.w3.org/2005/Atom" xmlns:csw="http://www.opengis.net/cat/csw/2.0.2" xmlns:dc="http://purl.org/dc/elements/1.1/" xmlns:dct="http://purl.org/dc/terms/" xmlns:gmd="http://www.isotc211.org/2005/gmd" xmlns:gml="http://www.opengis.net/gml" xmlns:ows="http://www.opengis.net/ows" xmlns:xs="http://www.w3.org/2001/XMLSchema" xmlns:xsi="http://www.w3.org/2001/XMLSchema-instance" version="2.0.2" xsi:schemaLocation="http://www.opengis.net/cat/csw/2.0.2 http://schemas.opengis.net/csw/2.0.2/CSW-discovery.xsd">
  <csw:SearchStatus timestamp="PYCSW_TIMESTAMP"/>
  <csw:SearchResults nextRecord="6" numberOfRecordsMatched="12" numberOfRecordsReturned="5" recordSchema="http://www.w3.org/2005/Atom" elementSet="summary">
    <atom:entry xsi:schemaLocation="http://www.w3.org/2005/Atom http://www.kbcafe.com/rss/atom.xsd.xml">
      <atom:category term="Tourism--Greece"/>
      <atom:id>urn:uuid:19887a8a-f6b0-4a63-ae56-7fba0e17801f</atom:id>
      <dc:identifier>urn:uuid:19887a8a-f6b0-4a63-ae56-7fba0e17801f</dc:identifier>
      <atom:link href="http://localhost/pycsw/csw.py?config=tests/suites/cite/default.cfg?service=CSW&amp;version=2.0.2&amp;request=GetRepositoryItem&amp;id=urn:uuid:19887a8a-f6b0-4a63-ae56-7fba0e17801f"/>
      <atom:title>Lorem ipsum</atom:title>
      <atom:updated>PYCSW_TIMESTAMP</atom:updated>
      <atom:summary>Quisque lacus diam, placerat mollis, pharetra in, commodo sed, augue. Duis iaculis arcu vel arcu.</atom:summary>
    </atom:entry>
    <atom:entry xmlns:georss="http://www.georss.org/georss" xsi:schemaLocation="http://www.w3.org/2005/Atom http://www.kbcafe.com/rss/atom.xsd.xml">
      <atom:id>urn:uuid:1ef30a8b-876d-4828-9246-c37ab4510bbd</atom:id>
      <dc:identifier>urn:uuid:1ef30a8b-876d-4828-9246-c37ab4510bbd</dc:identifier>
      <atom:link href="http://localhost/pycsw/csw.py?config=tests/suites/cite/default.cfg?service=CSW&amp;version=2.0.2&amp;request=GetRepositoryItem&amp;id=urn:uuid:1ef30a8b-876d-4828-9246-c37ab4510bbd"/>
      <atom:title/>
      <atom:updated>PYCSW_TIMESTAMP</atom:updated>
      <atom:summary>Proin sit amet justo. In justo. Aenean adipiscing nulla id tellus.</atom:summary>
      <georss:where>
        <gml:Envelope srsName="http://www.opengis.net/def/crs/EPSG/0/4326">
          <gml:lowerCorner>60.04 13.75</gml:lowerCorner>
          <gml:upperCorner>68.41 17.92</gml:upperCorner>
        </gml:Envelope>
      </georss:where>
    </atom:entry>
    <atom:entry xsi:schemaLocation="http://www.w3.org/2005/Atom http://www.kbcafe.com/rss/atom.xsd.xml">
      <atom:category term="Marine sediments"/>
      <atom:id>urn:uuid:66ae76b7-54ba-489b-a582-0f0633d96493</atom:id>
      <dc:identifier>urn:uuid:66ae76b7-54ba-489b-a582-0f0633d96493</dc:identifier>
      <atom:link href="http://localhost/pycsw/csw.py?config=tests/suites/cite/default.cfg?service=CSW&amp;version=2.0.2&amp;request=GetRepositoryItem&amp;id=urn:uuid:66ae76b7-54ba-489b-a582-0f0633d96493"/>
      <atom:title>Maecenas enim</atom:title>
      <atom:updated>PYCSW_TIMESTAMP</atom:updated>
      <atom:summary>Pellentesque tempus magna non sapien fringilla blandit.</atom:summary>
    </atom:entry>
    <atom:entry xsi:schemaLocation="http://www.w3.org/2005/Atom http://www.kbcafe.com/rss/atom.xsd.xml">
      <atom:category term="Vegetation"/>
      <atom:id>urn:uuid:6a3de50b-fa66-4b58-a0e6-ca146fdd18d4</atom:id>
      <dc:identifier>urn:uuid:6a3de50b-fa66-4b58-a0e6-ca146fdd18d4</dc:identifier>
      <atom:link href="http://localhost/pycsw/csw.py?config=tests/suites/cite/default.cfg?service=CSW&amp;version=2.0.2&amp;request=GetRepositoryItem&amp;id=urn:uuid:6a3de50b-fa66-4b58-a0e6-ca146fdd18d4"/>
      <atom:title>Ut facilisis justo ut lacus</atom:title>
      <atom:updated>PYCSW_TIMESTAMP</atom:updated>
    </atom:entry>
    <atom:entry xsi:schemaLocation="http://www.w3.org/2005/Atom http://www.kbcafe.com/rss/atom.xsd.xml">
      <atom:category term="Hydrography--Dictionaries"/>
      <atom:id>urn:uuid:784e2afd-a9fd-44a6-9a92-a3848371c8ec</atom:id>
      <dc:identifier>urn:uuid:784e2afd-a9fd-44a6-9a92-a3848371c8ec</dc:identifier>
      <atom:link href="http://localhost/pycsw/csw.py?config=tests/suites/cite/default.cfg?service=CSW&amp;version=2.0.2&amp;request=GetRepositoryItem&amp;id=urn:uuid:784e2afd-a9fd-44a6-9a92-a3848371c8ec"/>
      <atom:title>Aliquam fermentum purus quis arcu</atom:title>
      <atom:updated>PYCSW_TIMESTAMP</atom:updated>
      <atom:summary>Vestibulum quis ipsum sit amet metus imperdiet vehicula. Nulla scelerisque cursus mi.</atom:summary>
    </atom:entry>
  </csw:SearchResults>
</csw:GetRecordsResponse>
