<?xml version="1.0" encoding="UTF-8" standalone="no"?>
<!-- PYCSW_VERSION -->
<csw:GetRecordsResponse xmlns:fes20="http://www.opengis.net/fes/2.0" xmlns:xs="http://www.w3.org/2001/XMLSchema" xmlns:ows20="http://www.opengis.net/ows/2.0" xmlns:ows="http://www.opengis.net/ows" xmlns:gml="http://www.opengis.net/gml" xmlns:xlink="http://www.w3.org/1999/xlink" xmlns:gmd="http://www.isotc211.org/2005/gmd" xmlns:fgdc="http://www.opengis.net/cat/csw/csdgm" xmlns:csw="http://www.opengis.net/cat/csw/2.0.2" xmlns:soapenv="http://www.w3.org/2003/05/soap-envelope" xmlns:ows11="http://www.opengis.net/ows/1.1" xmlns:dc="http://purl.org/dc/elements/1.1/" xmlns:atom="http://www.w3.org/2005/Atom" xmlns:dct="http://purl.org/dc/terms/" xmlns:ogc="http://www.opengis.net/ogc" xmlns:gm03="http://www.interlis.ch/INTERLIS2.3" xmlns:dif="http://gcmd.gsfc.nasa.gov/Aboutus/xml/dif/" xmlns:csw30="http://www.opengis.net/cat/csw/3.0" xmlns:rdf="http://www.w3.org/1999/02/22-rdf-syntax-ns#" xmlns:xsi="http://www.w3.org/2001/XMLSchema-instance" xmlns:os="http://a9.com/-/spec/opensearch/1.1/" xmlns:sitemap="http://www.sitemaps.org/schemas/sitemap/0.9" version="2.0.2" xsi:schemaLocation="http://www.opengis.net/cat/csw/2.0.2 http://schemas.opengis.net/csw/2.0.2/CSW-discovery.xsd">
  <csw:SearchStatus timestamp="PYCSW_TIMESTAMP"/>
  <csw:SearchResults nextRecord="0" numberOfRecordsMatched="1" numberOfRecordsReturned="1" recordSchema="http://www.opengis.net/cat/csw/2.0.2" elementSet="brief">
    <csw:BriefRecord>
      <dc:identifier>urn:uuid:e9330592-0932-474b-be34-c3a3bb67c7db</dc:identifier>
      <dc:title>Fuscé vitae ligulä</dc:title>
      <dc:type>http://purl.org/dc/dcmitype/Text</dc:type>
    </csw:BriefRecord>
  </csw:SearchResults>
</csw:GetRecordsResponse>
