<?xml version="1.0" encoding="UTF-8" standalone="no"?>
<!-- PYCSW_VERSION -->
<csw30:GetRecordsResponse xmlns:csw="http://www.opengis.net/cat/csw/2.0.2" xmlns:csw30="http://www.opengis.net/cat/csw/3.0" xmlns:dc="http://purl.org/dc/elements/1.1/" xmlns:dct="http://purl.org/dc/terms/" xmlns:gmd="http://www.isotc211.org/2005/gmd" xmlns:gml="http://www.opengis.net/gml" xmlns:ows="http://www.opengis.net/ows" xmlns:ows20="http://www.opengis.net/ows/2.0" xmlns:xs="http://www.w3.org/2001/XMLSchema" xmlns:xsi="http://www.w3.org/2001/XMLSchema-instance" version="3.0.0" xsi:schemaLocation="http://www.opengis.net/cat/csw/3.0 http://schemas.opengis.net/csw/3.0/cswGetRecordsResponse.xsd">
  <csw30:SearchStatus timestamp="PYCSW_TIMESTAMP"/>
  <csw30:SearchResults expires="PYCSW_EXPIRES" nextRecord="0" numberOfRecordsMatched="3" numberOfRecordsReturned="3" recordSchema="http://www.opengis.net/cat/csw/3.0" status="subset" elementSet="brief" elapsedTime="PYCSW_ELAPSED_TIME">
    <csw30:BriefRecord>
      <dc:identifier>urn:uuid:1ef30a8b-876d-4828-9246-c37ab4510bbd</dc:identifier>
      <dc:title></dc:title>
      <dc:type>http://purl.org/dc/dcmitype/Service</dc:type>
      <ows20:BoundingBox crs="http://www.opengis.net/def/crs/EPSG/0/4326" dimensions="2">
        <ows20:LowerCorner>60.04 13.75</ows20:LowerCorner>
        <ows20:UpperCorner>68.41 17.92</ows20:UpperCorner>
      </ows20:BoundingBox>
    </csw30:BriefRecord>
    <csw30:BriefRecord>
      <dc:identifier>urn:uuid:94bc9c83-97f6-4b40-9eb8-a8e8787a5c63</dc:identifier>
      <dc:title>Mauris sed neque</dc:title>
      <dc:type>http://purl.org/dc/dcmitype/Dataset</dc:type>
      <ows20:BoundingBox crs="http://www.opengis.net/def/crs/EPSG/0/4326" dimensions="2">
        <ows20:LowerCorner>47.59 -4.1</ows20:LowerCorner>
        <ows20:UpperCorner>51.22 0.89</ows20:UpperCorner>
      </ows20:BoundingBox>
    </csw30:BriefRecord>
    <csw30:BriefRecord>
      <dc:identifier>urn:uuid:9a669547-b69b-469f-a11f-2d875366bbdc</dc:identifier>
      <dc:title>Ñunç elementum</dc:title>
      <dc:type>http://purl.org/dc/dcmitype/Dataset</dc:type>
      <ows20:BoundingBox crs="http://www.opengis.net/def/crs/EPSG/0/4326" dimensions="2">
        <ows20:LowerCorner>44.79 -6.17</ows20:LowerCorner>
        <ows20:UpperCorner>51.13 -2.23</ows20:UpperCorner>
      </ows20:BoundingBox>
    </csw30:BriefRecord>
  </csw30:SearchResults>
</csw30:GetRecordsResponse>
