<?xml version="1.0" encoding="UTF-8" standalone="no"?>
<!-- PYCSW_VERSION -->
<csw30:Record xmlns:csw="http://www.opengis.net/cat/csw/2.0.2" xmlns:csw30="http://www.opengis.net/cat/csw/3.0" xmlns:dc="http://purl.org/dc/elements/1.1/" xmlns:dct="http://purl.org/dc/terms/" xmlns:gmd="http://www.isotc211.org/2005/gmd" xmlns:gml="http://www.opengis.net/gml" xmlns:ows="http://www.opengis.net/ows" xmlns:ows20="http://www.opengis.net/ows/2.0" xmlns:xs="http://www.w3.org/2001/XMLSchema">
  <dc:identifier>urn:uuid:94bc9c83-97f6-4b40-9eb8-a8e8787a5c63</dc:identifier>
  <dc:title>Mauris sed neque</dc:title>
  <dc:type>http://purl.org/dc/dcmitype/Dataset</dc:type>
  <dc:subject>Vegetation-Cropland</dc:subject>
  <dct:abstract>Curabitur lacinia, ante non porta tempus, mi lorem feugiat odio, eget suscipit eros pede ac velit.</dct:abstract>
  <dc:date>2006-03-26</dc:date>
  <ows20:BoundingBox crs="http://www.opengis.net/def/crs/EPSG/0/4326" dimensions="2">
    <ows20:LowerCorner>47.59 -4.1</ows20:LowerCorner>
    <ows20:UpperCorner>51.22 0.89</ows20:UpperCorner>
  </ows20:BoundingBox>
</csw30:Record>
