<?xml version="1.0" encoding="UTF-8" standalone="no"?>
<!-- PYCSW_VERSION -->
<csw:GetRecordsResponse xmlns:csw="http://www.opengis.net/cat/csw/2.0.2" xmlns:dc="http://purl.org/dc/elements/1.1/" xmlns:dct="http://purl.org/dc/terms/" xmlns:gmd="http://www.isotc211.org/2005/gmd" xmlns:gml="http://www.opengis.net/gml" xmlns:ows="http://www.opengis.net/ows" xmlns:xs="http://www.w3.org/2001/XMLSchema" xmlns:xsi="http://www.w3.org/2001/XMLSchema-instance" version="2.0.2" xsi:schemaLocation="http://www.opengis.net/cat/csw/2.0.2 http://schemas.opengis.net/csw/2.0.2/CSW-discovery.xsd">
  <csw:SearchStatus timestamp="PYCSW_TIMESTAMP"/>
  <csw:SearchResults nextRecord="0" numberOfRecordsMatched="1" numberOfRecordsReturned="1" recordSchema="http://www.opengis.net/cat/csw/2.0.2" elementSet="full">
    <csw:Record>
      <dc:identifier>PYCSW_IDENTIFIER</dc:identifier>
      <dc:title>GIN SOS</dc:title>
      <dc:type>service</dc:type>
      <dc:subject>groundwater level</dc:subject>
      <dc:subject>monitoring</dc:subject>
      <dc:subject>timeseries</dc:subject>
      <dc:subject>Alberta</dc:subject>
      <dc:subject>Ontario</dc:subject>
      <dc:subject>Nova Scotia</dc:subject>
      <dc:format>OGC:SOS</dc:format>
      <dct:references scheme="OGC:SOS">http://ngwd-bdnes.cits.nrcan.gc.ca/GinService/sos/gw</dct:references>
      <dct:abstract>Historical groundwater  level  monitoring stations from Alberta, Ontario and Nova Scotia. This SOS web service delivers the data using OGC's WaterML 2.0. The SOS service federates data from various  provincial  sources and publishes  them as a single service.   Many monitoring stations also have water well characteristics available  through the  GIN WFS  web service.</dct:abstract>
      <dc:creator>Boyan Brodaric</dc:creator>
      <dc:publisher>Geological Survey of Canada, Earth Sciences Sector, Natural Resources Canada, Government of Canada</dc:publisher>
      <dc:contributor>Boyan Brodaric</dc:contributor>
      <dc:source>http://ngwd-bdnes.cits.nrcan.gc.ca/GinService/sos/gw</dc:source>
      <dc:rights>NONE</dc:rights>
      <dct:spatial scheme="http://www.opengis.net/def/crs">urn:ogc:def:crs:EPSG:6.11:4326</dct:spatial>
      <ows:BoundingBox crs="urn:x-ogc:def:crs:EPSG:6.11:4326" dimensions="2">
        <ows:LowerCorner>41.0 -120.0</ows:LowerCorner>
        <ows:UpperCorner>60.0 -60.0</ows:UpperCorner>
      </ows:BoundingBox>
    </csw:Record>
  </csw:SearchResults>
</csw:GetRecordsResponse>
