<?xml version="1.0" encoding="UTF-8" standalone="no"?>
<!-- PYCSW_VERSION -->
<csw:GetRecordsResponse xmlns:csw="http://www.opengis.net/cat/csw/2.0.2" xmlns:dc="http://purl.org/dc/elements/1.1/" xmlns:dct="http://purl.org/dc/terms/" xmlns:gmd="http://www.isotc211.org/2005/gmd" xmlns:gml="http://www.opengis.net/gml" xmlns:ows="http://www.opengis.net/ows" xmlns:xs="http://www.w3.org/2001/XMLSchema" xmlns:xsi="http://www.w3.org/2001/XMLSchema-instance" version="2.0.2" xsi:schemaLocation="http://www.opengis.net/cat/csw/2.0.2 http://schemas.opengis.net/csw/2.0.2/CSW-discovery.xsd">
  <csw:RequestId>ce74a6c8-677a-42b3-a07c-ce44df8ce7ab</csw:RequestId>
  <csw:SearchStatus timestamp="PYCSW_TIMESTAMP"/>
  <csw:SearchResults nextRecord="6" numberOfRecordsMatched="12" numberOfRecordsReturned="5" recordSchema="http://www.opengis.net/cat/csw/2.0.2" elementSet="full">
    <csw:Record>
    <dc:identifier>urn:uuid:19887a8a-f6b0-4a63-ae56-7fba0e17801f</dc:identifier>
    <dc:type>http://purl.org/dc/dcmitype/Image</dc:type>
    <dc:format>image/svg+xml</dc:format>
    <dc:title>Lorem ipsum</dc:title>
    <dct:spatial>GR-22</dct:spatial>
    <dc:subject>Tourism--Greece</dc:subject>
    <dct:abstract>Quisque lacus diam, placerat mollis, pharetra in, commodo sed, augue. Duis iaculis arcu vel arcu.</dct:abstract>
</csw:Record>
    <csw:Record>
    <dc:identifier>urn:uuid:1ef30a8b-876d-4828-9246-c37ab4510bbd</dc:identifier>
    <dc:type>http://purl.org/dc/dcmitype/Service</dc:type>
    <dct:abstract>Proin sit amet justo. In justo. Aenean adipiscing nulla id tellus.</dct:abstract>
    <ows:BoundingBox crs="urn:x-ogc:def:crs:EPSG:6.11:4326">
      <ows:LowerCorner>60.042 13.754</ows:LowerCorner>
      <ows:UpperCorner>68.410 17.920</ows:UpperCorner>
    </ows:BoundingBox>
</csw:Record>
    <csw:Record>
    <dc:identifier>urn:uuid:66ae76b7-54ba-489b-a582-0f0633d96493</dc:identifier>
    <dc:title>Maecenas enim</dc:title>
    <dc:type>http://purl.org/dc/dcmitype/Text</dc:type>
    <dc:format>application/xhtml+xml</dc:format>
    <dc:subject>Marine sediments</dc:subject>
    <dct:abstract>Pellentesque tempus magna non sapien fringilla blandit.</dct:abstract>
</csw:Record>
    <csw:Record>
    <dc:identifier>urn:uuid:6a3de50b-fa66-4b58-a0e6-ca146fdd18d4</dc:identifier>
    <dc:type>http://purl.org/dc/dcmitype/Service</dc:type>
    <dc:title>Ut facilisis justo ut lacus</dc:title>
    <dc:subject scheme="http://www.digest.org/2.1">Vegetation</dc:subject>
    <dc:relation>urn:uuid:94bc9c83-97f6-4b40-9eb8-a8e8787a5c63</dc:relation>
</csw:Record>
    <csw:Record>
    <dc:identifier>urn:uuid:784e2afd-a9fd-44a6-9a92-a3848371c8ec</dc:identifier>
    <dc:title>Aliquam fermentum purus quis arcu</dc:title>
    <dc:type>http://purl.org/dc/dcmitype/Text</dc:type>
    <dc:subject>Hydrography--Dictionaries</dc:subject>
    <dc:format>application/pdf</dc:format>
    <dc:date>2006-05-12</dc:date>
    <dct:abstract>Vestibulum quis ipsum sit amet metus imperdiet vehicula. Nulla scelerisque cursus mi.</dct:abstract>
</csw:Record>
  </csw:SearchResults>
</csw:GetRecordsResponse>
