<?xml version="1.0" encoding="UTF-8" standalone="no"?>
<!-- PYCSW_VERSION -->
<csw:DescribeRecordResponse xmlns:csw="http://www.opengis.net/cat/csw/2.0.2" xmlns:dc="http://purl.org/dc/elements/1.1/" xmlns:dct="http://purl.org/dc/terms/" xmlns:gmd="http://www.isotc211.org/2005/gmd" xmlns:gml="http://www.opengis.net/gml" xmlns:gml32="http://www.opengis.net/gml/3.2" xmlns:ows="http://www.opengis.net/ows" xmlns:xs="http://www.w3.org/2001/XMLSchema" xmlns:xsi="http://www.w3.org/2001/XMLSchema-instance" xsi:schemaLocation="http://www.opengis.net/cat/csw/2.0.2 http://schemas.opengis.net/csw/2.0.2/CSW-discovery.xsd">
  <csw:SchemaComponent schemaLanguage="XMLSCHEMA" targetNamespace="http://standards.iso.org/iso/19115/-3/mdb/2.0" parentSchema="mdb.xsd">
    <xs:schema elementFormDefault="qualified" targetNamespace="http://standards.iso.org/iso/19115/-3/mdb/2.0" version="1.0">
  <xs:annotation>
    <xs:documentation>Wrapper namespace to support Catalog Service implementations</xs:documentation>
  </xs:annotation>
  <xs:include schemaLocation="metadataBase.xsd"/>
  <xs:import namespace="http://standards.iso.org/iso/19115/-3/cit/2.0" schemaLocation="../../../../19115/-3/cit/2.0/cit.xsd"/>
  <xs:import namespace="http://standards.iso.org/iso/19157/-2/dqc/1.0" schemaLocation="../../../../19157/-2/dqc/1.0/dqc.xsd"/>
  <xs:import namespace="http://standards.iso.org/iso/19115/-3/lan/1.0" schemaLocation="../../../../19115/-3/lan/1.0/lan.xsd"/>
  <xs:import namespace="http://standards.iso.org/iso/19115/-3/mcc/1.0" schemaLocation="../../../../19115/-3/mcc/1.0/mcc.xsd"/>
  <xs:import namespace="http://standards.iso.org/iso/19115/-3/mri/1.0" schemaLocation="../../../../19115/-3/mri/1.0/mri.xsd"/>
  <!-- need to import gex because bounding box is mandatory if metadataScope is dataset -->
  <xs:import namespace="http://standards.iso.org/iso/19115/-3/gex/1.0" schemaLocation="../../../../19115/-3/gex/1.0/gex.xsd"/>
  <!--XML Schema document created by ShapeChange - http://shapechange.net/-->
</xs:schema>
  </csw:SchemaComponent>
  <csw:SchemaComponent schemaLanguage="XMLSCHEMA" targetNamespace="http://standards.iso.org/iso/19115/-3/mdb/2.0" parentSchema="mdb.xsd">
    <xs:schema elementFormDefault="qualified" targetNamespace="http://standards.iso.org/iso/19115/-3/srv/2.1" version="2.0">
  <xs:include schemaLocation="srv.xsd"/>
  <xs:import namespace="http://standards.iso.org/iso/19115/-3/gco/1.0" schemaLocation="../../../../19115/-3/gco/1.0/gco.xsd"/>
  <xs:import namespace="http://standards.iso.org/iso/19115/-3/mcc/1.0" schemaLocation="../../../../19115/-3/mcc/1.0/mcc.xsd"/>
  <xs:import namespace="http://standards.iso.org/iso/19115/-3/mri/1.0" schemaLocation="../../../../19115/-3/mri/1.0/mri.xsd"/>
  <!--XML Schema document created by ShapeChange - http://shapechange.net/-->
  <xs:element name="DCPList" substitutionGroup="gco:CharacterString" type="gco:CodeListValue_Type">
    <xs:annotation>
      <xs:documentation>class of information to which the referencing entity applies</xs:documentation>
    </xs:annotation>
  </xs:element>
  <xs:complexType name="DCPList_PropertyType">
    <xs:sequence minOccurs="0">
      <xs:element ref="srv:DCPList"/>
    </xs:sequence>
    <xs:attribute ref="gco:nilReason"/>
  </xs:complexType>
  <xs:element name="SV_CoupledResource" substitutionGroup="gco:AbstractObject" type="srv:SV_CoupledResource_Type">
    <xs:annotation>
      <xs:documentation>links a given operationName (mandatory attribute of SV_OperationMetadata) with a data set identified by an 'identifier'</xs:documentation>
    </xs:annotation>
  </xs:element>
  <xs:complexType name="SV_CoupledResource_Type">
    <xs:complexContent>
      <xs:extension base="gco:AbstractObject_Type">
        <xs:sequence>
          <xs:element minOccurs="0" name="scopedName" type="gco:ScopedName_PropertyType">
            <xs:annotation>
              <xs:documentation>scoped identifier of the resource in the context of the given service instance NOTE: name of the resources (i.e. dataset) as it is used by a service instance (e.g. layer name or featureTypeName).</xs:documentation>
            </xs:annotation>
          </xs:element>
          <xs:element maxOccurs="unbounded" minOccurs="0" name="resourceReference" type="mcc:Abstract_Citation_PropertyType">
            <xs:annotation>
              <xs:documentation>reference to the dataset on which the service operates</xs:documentation>
            </xs:annotation>
          </xs:element>
          <xs:element minOccurs="0" name="operation" type="srv:SV_OperationMetadata_PropertyType"/>
          <xs:element maxOccurs="unbounded" minOccurs="0" name="resource" type="mri:MD_DataIdentification_PropertyType"/>
        </xs:sequence>
      </xs:extension>
    </xs:complexContent>
  </xs:complexType>
  <xs:complexType name="SV_CoupledResource_PropertyType">
    <xs:sequence minOccurs="0">
      <xs:element ref="srv:SV_CoupledResource"/>
    </xs:sequence>
    <xs:attributeGroup ref="gco:ObjectReference"/>
    <xs:attribute ref="gco:nilReason"/>
  </xs:complexType>
  <xs:element name="SV_CouplingType" substitutionGroup="gco:CharacterString" type="gco:CodeListValue_Type">
    <xs:annotation>
      <xs:documentation>class of information to which the referencing entity applies</xs:documentation>
    </xs:annotation>
  </xs:element>
  <xs:complexType name="SV_CouplingType_PropertyType">
    <xs:sequence minOccurs="0">
      <xs:element ref="srv:SV_CouplingType"/>
    </xs:sequence>
    <xs:attribute ref="gco:nilReason"/>
  </xs:complexType>
  <xs:element name="SV_OperationChainMetadata" substitutionGroup="gco:AbstractObject" type="srv:SV_OperationChainMetadata_Type">
    <xs:annotation>
      <xs:documentation>Operation Chain Information</xs:documentation>
    </xs:annotation>
  </xs:element>
  <xs:complexType name="SV_OperationChainMetadata_Type">
    <xs:complexContent>
      <xs:extension base="gco:AbstractObject_Type">
        <xs:sequence>
          <xs:element name="name" type="gco:CharacterString_PropertyType">
            <xs:annotation>
              <xs:documentation>the name, as used by the service for this chain</xs:documentation>
            </xs:annotation>
          </xs:element>
          <xs:element minOccurs="0" name="description" type="gco:CharacterString_PropertyType">
            <xs:annotation>
              <xs:documentation>a narrative explanation of the services in the chain and resulting output</xs:documentation>
            </xs:annotation>
          </xs:element>
          <xs:element maxOccurs="unbounded" name="operation" type="srv:SV_OperationMetadata_PropertyType"/>
        </xs:sequence>
      </xs:extension>
    </xs:complexContent>
  </xs:complexType>
  <xs:complexType name="SV_OperationChainMetadata_PropertyType">
    <xs:sequence minOccurs="0">
      <xs:element ref="srv:SV_OperationChainMetadata"/>
    </xs:sequence>
    <xs:attributeGroup ref="gco:ObjectReference"/>
    <xs:attribute ref="gco:nilReason"/>
  </xs:complexType>
  <xs:element name="SV_OperationMetadata" substitutionGroup="gco:AbstractObject" type="srv:SV_OperationMetadata_Type">
    <xs:annotation>
      <xs:documentation>describes the signature of one and only one method provided by the service</xs:documentation>
    </xs:annotation>
  </xs:element>
  <xs:complexType name="SV_OperationMetadata_Type">
    <xs:complexContent>
      <xs:extension base="gco:AbstractObject_Type">
        <xs:sequence>
          <xs:element name="operationName" type="gco:CharacterString_PropertyType">
            <xs:annotation>
              <xs:documentation>a unique identifier for this interface</xs:documentation>
            </xs:annotation>
          </xs:element>
          <xs:element maxOccurs="unbounded" name="distributedComputingPlatform" type="srv:DCPList_PropertyType">
            <xs:annotation>
              <xs:documentation>distributed computing platforms on which the operation has been implemented</xs:documentation>
            </xs:annotation>
          </xs:element>
          <xs:element minOccurs="0" name="operationDescription" type="gco:CharacterString_PropertyType">
            <xs:annotation>
              <xs:documentation>free text description of the intent of the operation and the results of the operation</xs:documentation>
            </xs:annotation>
          </xs:element>
          <xs:element minOccurs="0" name="invocationName" type="gco:CharacterString_PropertyType">
            <xs:annotation>
              <xs:documentation>the name used to invoke this interface within the context of the DCP. The name is identical for all DCPs.</xs:documentation>
            </xs:annotation>
          </xs:element>
          <xs:element maxOccurs="unbounded" name="connectPoint" type="mcc:Abstract_OnlineResource_PropertyType">
            <xs:annotation>
              <xs:documentation>handle for accessing the service interface</xs:documentation>
            </xs:annotation>
          </xs:element>
          <xs:element maxOccurs="unbounded" minOccurs="0" name="parameter" type="srv:SV_Parameter_PropertyType"/>
          <xs:element maxOccurs="unbounded" minOccurs="0" name="dependsOn" type="srv:SV_OperationMetadata_PropertyType"/>
        </xs:sequence>
      </xs:extension>
    </xs:complexContent>
  </xs:complexType>
  <xs:complexType name="SV_OperationMetadata_PropertyType">
    <xs:sequence minOccurs="0">
      <xs:element ref="srv:SV_OperationMetadata"/>
    </xs:sequence>
    <xs:attributeGroup ref="gco:ObjectReference"/>
    <xs:attribute ref="gco:nilReason"/>
  </xs:complexType>
  <!--
    SV_Parameter was added to mcc namespace in order to support the revision of ISO 19115-2
  -->
  <xs:element name="SV_Parameter" substitutionGroup="mcc:Abstract_Parameter" type="srv:SV_Parameter_Type">
    <xs:annotation>
      <xs:documentation>parameter information</xs:documentation>
    </xs:annotation>
  </xs:element>
  <xs:complexType name="SV_Parameter_Type">
    <xs:complexContent>
      <xs:extension base="mcc:Abstract_Parameter_Type">
        <xs:sequence>
          <xs:element name="name" type="gco:MemberName_PropertyType">
            <xs:annotation>
              <xs:documentation>the name, as used by the service for this parameter</xs:documentation>
            </xs:annotation>
          </xs:element>
          <xs:element name="direction" type="srv:SV_ParameterDirection_PropertyType">
            <xs:annotation>
              <xs:documentation>indication if the parameter is an input to the service, an output or both</xs:documentation>
            </xs:annotation>
          </xs:element>
          <xs:element minOccurs="0" name="description" type="gco:CharacterString_PropertyType">
            <xs:annotation>
              <xs:documentation>a narrative explanation of the role of the parameter</xs:documentation>
            </xs:annotation>
          </xs:element>
          <xs:element name="optionality" type="gco:Boolean_PropertyType">
            <xs:annotation>
              <xs:documentation>indication if the parameter is required</xs:documentation>
            </xs:annotation>
          </xs:element>
          <xs:element name="repeatability" type="gco:Boolean_PropertyType">
            <xs:annotation>
              <xs:documentation>indication if more than one value of the parameter may be provided</xs:documentation>
            </xs:annotation>
          </xs:element>
        </xs:sequence>
      </xs:extension>
    </xs:complexContent>
  </xs:complexType>
  <xs:complexType name="SV_Parameter_PropertyType">
    <xs:sequence minOccurs="0">
      <xs:element ref="srv:SV_Parameter"/>
    </xs:sequence>
    <xs:attributeGroup ref="gco:ObjectReference"/>
    <xs:attribute ref="gco:nilReason"/>
  </xs:complexType>
  <xs:element name="SV_ParameterDirection" substitutionGroup="gco:CharacterString" type="srv:SV_ParameterDirection_Type">
    <xs:annotation>
      <xs:documentation>class of information to which the referencing entity applies</xs:documentation>
    </xs:annotation>
  </xs:element>
  <xs:simpleType name="SV_ParameterDirection_Type">
    <xs:annotation>
      <xs:documentation>class of information to which the referencing entity applies</xs:documentation>
    </xs:annotation>
    <xs:restriction base="string">
      <xs:enumeration value="in">
        <xs:annotation>
          <xs:documentation>the parameter is an input parameter to the service instance</xs:documentation>
        </xs:annotation>
      </xs:enumeration>
      <xs:enumeration value="out">
        <xs:annotation>
          <xs:documentation>the parameter is an output parameter to the service instance</xs:documentation>
        </xs:annotation>
      </xs:enumeration>
      <xs:enumeration value="in/out">
        <xs:annotation>
          <xs:documentation>the parameter is both an input and output parameter to the service instance</xs:documentation>
        </xs:annotation>
      </xs:enumeration>
    </xs:restriction>
  </xs:simpleType>
  <xs:complexType name="SV_ParameterDirection_PropertyType">
    <xs:sequence minOccurs="0">
      <xs:element ref="srv:SV_ParameterDirection"/>
    </xs:sequence>
    <xs:attribute ref="gco:nilReason"/>
  </xs:complexType>
  <xs:element name="SV_ServiceIdentification" substitutionGroup="mri:AbstractMD_Identification" type="srv:SV_ServiceIdentification_Type">
    <xs:annotation>
      <xs:documentation>identification of capabilities which a service provider makes available to a service user through a set of interfaces that define a behaviour - See ISO 19119 for further information</xs:documentation>
    </xs:annotation>
  </xs:element>
  <xs:complexType name="SV_ServiceIdentification_Type">
    <xs:complexContent>
      <xs:extension base="mri:AbstractMD_Identification_Type">
        <xs:sequence>
          <xs:element name="serviceType" type="gco:GenericName_PropertyType">
            <xs:annotation>
              <xs:documentation>a service type name, E.G. 'discovery', 'view', 'download', 'transformation', or 'invoke'</xs:documentation>
            </xs:annotation>
          </xs:element>
          <xs:element maxOccurs="unbounded" minOccurs="0" name="serviceTypeVersion" type="gco:CharacterString_PropertyType">
            <xs:annotation>
              <xs:documentation>provide for searching based on the version of serviceType. For example, we may only be interested in OGC Catalogue V1.1 services. If version is maintained as a separate attribute, users can easily search for all services of a type regardless of the version</xs:documentation>
            </xs:annotation>
          </xs:element>
          <xs:element minOccurs="0" name="accessProperties" type="mcc:Abstract_StandardOrderProcess_PropertyType">
            <xs:annotation>
              <xs:documentation>information about the availability of the service, including, 'fees' 'planned' 'available date and time' 'ordering instructions' 'turnaround'</xs:documentation>
            </xs:annotation>
          </xs:element>
          <xs:element minOccurs="0" name="couplingType" type="srv:SV_CouplingType_PropertyType">
            <xs:annotation>
              <xs:documentation>type of coupling between service and associated data (if exists)</xs:documentation>
            </xs:annotation>
          </xs:element>
          <xs:element maxOccurs="unbounded" minOccurs="0" name="coupledResource" type="srv:SV_CoupledResource_PropertyType">
            <xs:annotation>
              <xs:documentation>further description of the data coupling in the case of tightly coupled services</xs:documentation>
            </xs:annotation>
          </xs:element>
          <xs:element maxOccurs="unbounded" minOccurs="0" name="operatedDataset" type="mcc:Abstract_Citation_PropertyType">
            <xs:annotation>
              <xs:documentation>provides a reference to the dataset on which the service operates</xs:documentation>
            </xs:annotation>
          </xs:element>
          <xs:element maxOccurs="unbounded" minOccurs="0" name="profile" type="mcc:Abstract_Citation_PropertyType"/>
          <xs:element maxOccurs="unbounded" minOccurs="0" name="serviceStandard" type="mcc:Abstract_Citation_PropertyType"/>
          <xs:element maxOccurs="unbounded" minOccurs="0" name="containsOperations" type="srv:SV_OperationMetadata_PropertyType"/>
          <xs:element maxOccurs="unbounded" minOccurs="0" name="operatesOn" type="mri:MD_DataIdentification_PropertyType"/>
          <xs:element maxOccurs="unbounded" minOccurs="0" name="containsChain" type="srv:SV_OperationChainMetadata_PropertyType"/>
        </xs:sequence>
      </xs:extension>
    </xs:complexContent>
  </xs:complexType>
  <xs:complexType name="SV_ServiceIdentification_PropertyType">
    <xs:sequence minOccurs="0">
      <xs:element ref="srv:SV_ServiceIdentification"/>
    </xs:sequence>
    <xs:attributeGroup ref="gco:ObjectReference"/>
    <xs:attribute ref="gco:nilReason"/>
  </xs:complexType>
</xs:schema>
  </csw:SchemaComponent>
</csw:DescribeRecordResponse>
