<?xml version="1.0" encoding="UTF-8" standalone="no"?>
<!-- PYCSW_VERSION -->
<oai:OAI-PMH xmlns:oai="http://www.openarchives.org/OAI/2.0/" xmlns:xsi="http://www.w3.org/2001/XMLSchema-instance" xsi:schemaLocation="http://www.openarchives.org/OAI/2.0/ http://www.openarchives.org/OAI/2.0/OAI-PMH.xsd">
  <oai:responseDate>PYCSW_TIMESTAMP</oai:responseDate>
  <oai:request metadataprefix="iso19139" verb="ListIdentifiers">http://localhost/pycsw/csw.py?config=tests/suites/oaipmh/default.cfg&amp;mode=oaipmh</oai:request>
  <oai:ListIdentifiers>
    <oai:record>
      <oai:header>
        <oai:identifier>urn:uuid:19887a8a-f6b0-4a63-ae56-7fba0e17801f</oai:identifier>
        <oai:dateStamp/>
        <oai:setSpec/>
      </oai:header>
    </oai:record>
    <oai:record>
      <oai:header>
        <oai:identifier>urn:uuid:19887a8a-f6b0-4a63-ae56-7fba0e17801f</oai:identifier>
        <oai:dateStamp/>
        <oai:setSpec/>
      </oai:header>
    </oai:record>
    <oai:record>
      <oai:header>
        <oai:identifier>urn:uuid:19887a8a-f6b0-4a63-ae56-7fba0e17801f</oai:identifier>
        <oai:dateStamp/>
        <oai:setSpec/>
      </oai:header>
    </oai:record>
    <oai:record>
      <oai:header>
        <oai:identifier>urn:uuid:19887a8a-f6b0-4a63-ae56-7fba0e17801f</oai:identifier>
        <oai:dateStamp/>
        <oai:setSpec/>
      </oai:header>
    </oai:record>
    <oai:record>
      <oai:header>
        <oai:identifier>urn:uuid:19887a8a-f6b0-4a63-ae56-7fba0e17801f</oai:identifier>
        <oai:dateStamp/>
        <oai:setSpec/>
      </oai:header>
    </oai:record>
    <oai:record>
      <oai:header>
        <oai:identifier>urn:uuid:19887a8a-f6b0-4a63-ae56-7fba0e17801f</oai:identifier>
        <oai:dateStamp/>
        <oai:setSpec/>
      </oai:header>
    </oai:record>
    <oai:record>
      <oai:header>
        <oai:identifier>urn:uuid:19887a8a-f6b0-4a63-ae56-7fba0e17801f</oai:identifier>
        <oai:dateStamp/>
        <oai:setSpec/>
      </oai:header>
    </oai:record>
    <oai:record>
      <oai:header>
        <oai:identifier>urn:uuid:19887a8a-f6b0-4a63-ae56-7fba0e17801f</oai:identifier>
        <oai:dateStamp/>
        <oai:setSpec/>
      </oai:header>
    </oai:record>
    <oai:record>
      <oai:header>
        <oai:identifier>urn:uuid:19887a8a-f6b0-4a63-ae56-7fba0e17801f</oai:identifier>
        <oai:dateStamp/>
        <oai:setSpec/>
      </oai:header>
    </oai:record>
    <oai:record>
      <oai:header>
        <oai:identifier>urn:uuid:19887a8a-f6b0-4a63-ae56-7fba0e17801f</oai:identifier>
        <oai:dateStamp/>
        <oai:setSpec/>
      </oai:header>
    </oai:record>
    <oai:resumptionToken completeListSize="12" cursor="0">11</oai:resumptionToken>
  </oai:ListIdentifiers>
</oai:OAI-PMH>
