<?xml version="1.0" encoding="UTF-8" standalone="no"?>
<!-- PYCSW_VERSION -->
<oai:OAI-PMH xmlns:oai="http://www.openarchives.org/OAI/2.0/" xmlns:xsi="http://www.w3.org/2001/XMLSchema-instance" xsi:schemaLocation="http://www.openarchives.org/OAI/2.0/ http://www.openarchives.org/OAI/2.0/OAI-PMH.xsd">
  <oai:responseDate>PYCSW_TIMESTAMP</oai:responseDate>
  <oai:request verb="Identify">http://localhost/pycsw/csw.py?config=tests/suites/oaipmh/default.cfg&amp;mode=oaipmh</oai:request>
  <oai:Identify>
    <oai:repositoryName>pycsw Geospatial Catalogue</oai:repositoryName>
    <oai:baseURL>http://localhost/pycsw/csw.py?config=tests/suites/oaipmh/default.cfg&amp;mode=oaipmh</oai:baseURL>
    <oai:protocolVersion>2.0</oai:protocolVersion>
    <oai:adminEmail>tomkralidis@gmail.com</oai:adminEmail>
    <oai:earliestDatestamp>PYCSW_TIMESTAMP</oai:earliestDatestamp>
    <oai:deletedRecord>no</oai:deletedRecord>
    <oai:granularity>YYYY-MM-DDThh:mm:ssZ</oai:granularity>
  </oai:Identify>
</oai:OAI-PMH>
