<?xml version="1.0" encoding="UTF-8" standalone="no"?>
<!-- PYCSW_VERSION -->
<csw:GetRecordByIdResponse xmlns:atom="http://www.w3.org/2005/Atom" xmlns:csw="http://www.opengis.net/cat/csw/2.0.2" xmlns:dc="http://purl.org/dc/elements/1.1/" xmlns:dct="http://purl.org/dc/terms/" xmlns:gmd="http://www.isotc211.org/2005/gmd" xmlns:gml="http://www.opengis.net/gml" xmlns:ows="http://www.opengis.net/ows" xmlns:xs="http://www.w3.org/2001/XMLSchema" xmlns:xsi="http://www.w3.org/2001/XMLSchema-instance" xsi:schemaLocation="http://www.opengis.net/cat/csw/2.0.2 http://schemas.opengis.net/csw/2.0.2/CSW-discovery.xsd">
  <atom:entry xsi:schemaLocation="http://www.w3.org/2005/Atom http://www.kbcafe.com/rss/atom.xsd.xml">
    <atom:category term="Tourism--Greece"/>
    <atom:id>urn:uuid:19887a8a-f6b0-4a63-ae56-7fba0e17801f</atom:id>
    <dc:identifier>urn:uuid:19887a8a-f6b0-4a63-ae56-7fba0e17801f</dc:identifier>
    <atom:link href="http://localhost/pycsw/csw.py?config=tests/suites/cite/default.cfg?service=CSW&amp;version=2.0.2&amp;request=GetRepositoryItem&amp;id=urn:uuid:19887a8a-f6b0-4a63-ae56-7fba0e17801f"/>
    <atom:title>Lorem ipsum</atom:title>
    <atom:updated>PYCSW_TIMESTAMP</atom:updated>
    <atom:summary>Quisque lacus diam, placerat mollis, pharetra in, commodo sed, augue. Duis iaculis arcu vel arcu.</atom:summary>
  </atom:entry>
</csw:GetRecordByIdResponse>
