<?xml version="1.0" encoding="UTF-8" standalone="no"?>
<!-- PYCSW_VERSION -->
<csw:GetRecordsResponse xmlns:csw="http://www.opengis.net/cat/csw/2.0.2" xmlns:dc="http://purl.org/dc/elements/1.1/" xmlns:dct="http://purl.org/dc/terms/" xmlns:gmd="http://www.isotc211.org/2005/gmd" xmlns:gml="http://www.opengis.net/gml" xmlns:ows="http://www.opengis.net/ows" xmlns:xs="http://www.w3.org/2001/XMLSchema" xmlns:xsi="http://www.w3.org/2001/XMLSchema-instance" version="2.0.2" xsi:schemaLocation="http://www.opengis.net/cat/csw/2.0.2 http://schemas.opengis.net/csw/2.0.2/CSW-discovery.xsd">
  <csw:SearchStatus timestamp="PYCSW_TIMESTAMP"/>
  <csw:SearchResults nextRecord="11" numberOfRecordsMatched="12" numberOfRecordsReturned="10" recordSchema="http://www.opengis.net/cat/csw/2.0.2" elementSet="brief">
    <csw:BriefRecord>
      <dc:identifier>urn:uuid:19887a8a-f6b0-4a63-ae56-7fba0e17801f</dc:identifier>
      <dc:title>Lorem ipsum</dc:title>
      <dc:type>http://purl.org/dc/dcmitype/Image</dc:type>
    </csw:BriefRecord>
    <csw:BriefRecord>
      <dc:identifier>urn:uuid:1ef30a8b-876d-4828-9246-c37ab4510bbd</dc:identifier>
      <dc:title></dc:title>
      <dc:type>http://purl.org/dc/dcmitype/Service</dc:type>
      <ows:BoundingBox crs="urn:x-ogc:def:crs:EPSG:6.11:4326" dimensions="2">
        <ows:LowerCorner>60.04 13.75</ows:LowerCorner>
        <ows:UpperCorner>68.41 17.92</ows:UpperCorner>
      </ows:BoundingBox>
    </csw:BriefRecord>
    <csw:BriefRecord>
      <dc:identifier>urn:uuid:66ae76b7-54ba-489b-a582-0f0633d96493</dc:identifier>
      <dc:title>Maecenas enim</dc:title>
      <dc:type>http://purl.org/dc/dcmitype/Text</dc:type>
    </csw:BriefRecord>
    <csw:BriefRecord>
      <dc:identifier>urn:uuid:6a3de50b-fa66-4b58-a0e6-ca146fdd18d4</dc:identifier>
      <dc:title>Ut facilisis justo ut lacus</dc:title>
      <dc:type>http://purl.org/dc/dcmitype/Service</dc:type>
    </csw:BriefRecord>
    <csw:BriefRecord>
      <dc:identifier>urn:uuid:784e2afd-a9fd-44a6-9a92-a3848371c8ec</dc:identifier>
      <dc:title>Aliquam fermentum purus quis arcu</dc:title>
      <dc:type>http://purl.org/dc/dcmitype/Text</dc:type>
    </csw:BriefRecord>
    <csw:BriefRecord>
      <dc:identifier>urn:uuid:829babb0-b2f1-49e1-8cd5-7b489fe71a1e</dc:identifier>
      <dc:title>Vestibulum massa purus</dc:title>
      <dc:type>http://purl.org/dc/dcmitype/Image</dc:type>
    </csw:BriefRecord>
    <csw:BriefRecord>
      <dc:identifier>urn:uuid:88247b56-4cbc-4df9-9860-db3f8042e357</dc:identifier>
      <dc:title></dc:title>
      <dc:type>http://purl.org/dc/dcmitype/Dataset</dc:type>
    </csw:BriefRecord>
    <csw:BriefRecord>
      <dc:identifier>urn:uuid:94bc9c83-97f6-4b40-9eb8-a8e8787a5c63</dc:identifier>
      <dc:title>Mauris sed neque</dc:title>
      <dc:type>http://purl.org/dc/dcmitype/Dataset</dc:type>
      <ows:BoundingBox crs="urn:x-ogc:def:crs:EPSG:6.11:4326" dimensions="2">
        <ows:LowerCorner>47.59 -4.1</ows:LowerCorner>
        <ows:UpperCorner>51.22 0.89</ows:UpperCorner>
      </ows:BoundingBox>
    </csw:BriefRecord>
    <csw:BriefRecord>
      <dc:identifier>urn:uuid:9a669547-b69b-469f-a11f-2d875366bbdc</dc:identifier>
      <dc:title>Ñunç elementum</dc:title>
      <dc:type>http://purl.org/dc/dcmitype/Dataset</dc:type>
      <ows:BoundingBox crs="urn:x-ogc:def:crs:EPSG:6.11:4326" dimensions="2">
        <ows:LowerCorner>44.79 -6.17</ows:LowerCorner>
        <ows:UpperCorner>51.13 -2.23</ows:UpperCorner>
      </ows:BoundingBox>
    </csw:BriefRecord>
    <csw:BriefRecord>
      <dc:identifier>urn:uuid:a06af396-3105-442d-8b40-22b57a90d2f2</dc:identifier>
      <dc:title>Lorem ipsum dolor sit amet</dc:title>
      <dc:type>http://purl.org/dc/dcmitype/Image</dc:type>
    </csw:BriefRecord>
  </csw:SearchResults>
</csw:GetRecordsResponse>
